// Jest Snapshot v1, https://goo.gl/fbAQLP

exports[`Coachmark should render correctly 1`] = `
<ForwardRef(AnimatedComponentWrapper)
  style={
    [
      {},
      {
        "opacity": 0,
      },
    ]
  }
>
  <View
    style={
      {
        "alignItems": "flex-start",
        "bottom": -2,
        "marginBottom": 10,
        "marginLeft": 30,
      }
    }
  >
    <View
      style={
        {
          "backgroundColor": "transparent",
          "borderBottomColor": "#0376C9",
          "borderBottomWidth": 12,
          "borderLeftColor": "transparent",
          "borderLeftWidth": 15,
          "borderRightColor": "transparent",
          "borderRightWidth": 15,
          "borderStyle": "solid",
          "height": 0,
          "position": "absolute",
          "width": 0,
        }
      }
    />
  </View>
  <View
    style={
      [
        {
          "backgroundColor": "#0376C9",
          "borderRadius": 8,
          "padding": 20,
        },
        {},
      ]
    }
  >
    <View
      style={
        {
          "alignItems": "center",
          "flexDirection": "row",
          "justifyContent": "space-between",
        }
      }
    >
      <ButtonIcon
        iconColorOverride="#FCFCFC"
        iconName="Arrow2Left"
        onPress={[Function]}
        size="16"
        testID="onboarding-wizard-back-button"
      />
      <Text
        style={
          {
            "alignSelf": "center",
            "color": "#FCFCFC",
            "fontFamily": "EuclidCircularB-Bold",
            "fontSize": 18,
            "fontWeight": "600",
          }
        }
      >
        title
      </Text>
      <ButtonIcon
        iconColorOverride="#FCFCFC"
        iconName="Close"
        size="16"
      />
    </View>
    content
    <View
      style={
        {
          "flexDirection": "row",
          "justifyContent": "space-between",
        }
      }
    >
      <View
        style={
          {
            "alignSelf": "center",
            "flexDirection": "row",
          }
        }
      >
        <Text
          style={
            {
              "color": "#FCFCFC",
            }
          }
        >
          1
          /5
        </Text>
      </View>
      <StyledButton
        containerStyle={
          [
            {
              "height": 45,
              "padding": 5,
              "width": 75,
            },
            {
              "right": 0,
            },
          ]
        }
        disabledContainerStyle={
          {
            "opacity": 0.6,
          }
        }
        onPress={[Function]}
        styleDisabled={
          {
            "opacity": 0.6,
          }
        }
        testID="onboarding-wizard-got-it-button"
        type="inverse"
      >
        Got it
      </StyledButton>
    </View>
  </View>
</ForwardRef(AnimatedComponentWrapper)>
`;
