// Jest Snapshot v1, https://goo.gl/fbAQLP

exports[`AssetIcon should render correctly 1`] = `
<RemoteImage
  fadeIn={true}
  key="https://s3.amazonaws.com/airswap-token-images/WBTC.png"
  placeholderStyle={
    {
      "backgroundColor": "#F2F4F6",
    }
  }
  source={
    {
      "uri": "https://s3.amazonaws.com/airswap-token-images/WBTC.png",
    }
  }
  style={
    [
      {
        "borderRadius": 25,
        "height": 50,
        "overflow": "hidden",
        "width": 50,
      },
      undefined,
    ]
  }
/>
`;
