// Jest Snapshot v1, https://goo.gl/fbAQLP

exports[`Header should render snapshot correctly 1`] = `
<View
  style={
    {
      "alignItems": "center",
      "backgroundColor": "#FFFFFF",
      "flexDirection": "row",
      "padding": 16,
    }
  }
  testID="header"
>
  <View
    style={
      {
        "width": undefined,
      }
    }
  >
    <View
      onLayout={[Function]}
    />
  </View>
  <View
    style={
      {
        "alignItems": "center",
        "flex": 1,
        "marginHorizontal": 16,
      }
    }
  >
    <Text
      style={
        {
          "textAlign": "center",
        }
      }
      testID="header-title"
      variant="sHeadingSM"
    >
      Sample Header Title
    </Text>
  </View>
  <View
    style={
      {
        "width": undefined,
      }
    }
  >
    <View
      onLayout={[Function]}
    />
  </View>
</View>
`;
