// Jest Snapshot v1, https://goo.gl/fbAQLP

exports[`AccountBackupStep1B should render correctly 1`] = `
<RCTSafeAreaView
  style={
    {
      "backgroundColor": "#FFFFFF",
      "flex": 1,
    }
  }
>
  <ScrollView
    contentContainerStyle={
      {
        "flexGrow": 1,
      }
    }
    style={
      {
        "backgroundColor": "#FFFFFF",
        "flex": 1,
      }
    }
    testID="account-backup-step-1-screen"
  >
    <View
      style={
        {
          "flex": 1,
          "padding": 20,
          "paddingBottom": 0,
          "paddingTop": 0,
        }
      }
      testID="protect-your-account-screen"
    >
      <OnboardingProgress
        currentStep={1}
        steps={
          [
            "Create password",
            "Secure wallet",
            "Confirm Secret Recovery Phrase",
          ]
        }
      />
      <View
        style={
          {
            "alignItems": "center",
            "paddingBottom": 16,
          }
        }
      >
        <Text
          style={
            {
              "fontSize": 32,
            }
          }
        >
          ðŸ”’
        </Text>
        <Text
          style={
            {
              "color": "#24272A",
              "fontFamily": "EuclidCircularB-Bold",
              "fontSize": 24,
              "fontWeight": "600",
              "justifyContent": "center",
              "marginBottom": 16,
              "marginLeft": 0,
              "marginTop": 16,
            }
          }
        >
          Secure your wallet
        </Text>
        <View
          style={
            {
              "justifyContent": "center",
              "marginBottom": 16,
            }
          }
        >
          <Text
            style={
              {
                "color": "#24272A",
                "fontFamily": "EuclidCircularB-Regular",
                "fontSize": 16,
                "fontWeight": "400",
                "lineHeight": 20,
                "textAlign": "left",
              }
            }
          >
            Secure your wallet's
             
            <Text
              onPress={[Function]}
              style={
                {
                  "color": "#0376C9",
                }
              }
            >
              Secret Recovery Phrase.
            </Text>
          </Text>
        </View>
        <TouchableOpacity
          onPress={[Function]}
          style={
            {
              "alignItems": "center",
              "flexDirection": "row",
              "justifyContent": "center",
            }
          }
        >
          <Icon
            allowFontScaling={false}
            color="#0376C9"
            name="info-circle"
            size={12}
            style={
              {
                "fontSize": 15,
                "marginRight": 6,
              }
            }
          />
          <Text
            style={
              {
                "color": "#0376C9",
                "fontSize": 14,
              }
            }
          >
            Why is it important?
          </Text>
        </TouchableOpacity>
      </View>
      <View
        style={
          {
            "backgroundColor": "#FFFFFF",
            "borderColor": "#BBC0C5",
            "borderRadius": 10,
            "borderWidth": 1,
            "elevation": 4,
            "marginBottom": 20,
            "padding": 16,
          }
        }
      >
        <Text
          style={
            {
              "color": "#24272A",
              "fontFamily": "EuclidCircularB-Bold",
              "fontSize": 16,
              "fontWeight": "600",
              "lineHeight": 17,
              "marginBottom": 8,
            }
          }
        >
          Manual
        </Text>
        <Text
          style={
            {
              "color": "#24272A",
              "fontSize": 12,
              "lineHeight": 17,
              "marginBottom": 20,
            }
          }
        >
          Write down your Secret Recovery Phrase on a piece of paper and store in a safe place.
        </Text>
        <Text
          style={
            {
              "color": "#24272A",
              "fontSize": 12,
              "lineHeight": 17,
              "marginBottom": 8,
            }
          }
        >
          Security level: Very strong
        </Text>
        <View
          style={
            {
              "flexDirection": "row",
              "lineHeight": 17,
              "marginBottom": 20,
            }
          }
        >
          <View
            style={
              {
                "backgroundColor": "#0376C9",
                "height": 6,
                "lineHeight": 17,
                "marginRight": 2,
                "width": 32,
              }
            }
          />
          <View
            style={
              {
                "backgroundColor": "#0376C9",
                "height": 6,
                "lineHeight": 17,
                "marginRight": 2,
                "width": 32,
              }
            }
          />
          <View
            style={
              {
                "backgroundColor": "#0376C9",
                "height": 6,
                "lineHeight": 17,
                "marginRight": 2,
                "width": 32,
              }
            }
          />
        </View>
        <Text
          style={
            {
              "color": "#24272A",
              "fontSize": 12,
              "lineHeight": 17,
            }
          }
        >
          Risks are:
        </Text>
        <Text
          style={
            {
              "color": "#24272A",
              "fontSize": 12,
              "lineHeight": 17,
            }
          }
        >
          â€¢ 
          You lose it
        </Text>
        <Text
          style={
            {
              "color": "#24272A",
              "fontSize": 12,
              "lineHeight": 17,
            }
          }
        >
          â€¢ 
          You forget where you put it
        </Text>
        <Text
          style={
            {
              "color": "#24272A",
              "fontSize": 12,
              "lineHeight": 17,
              "marginBottom": 20,
            }
          }
        >
          â€¢ 
          Someone else finds it
        </Text>
        <Text
          style={
            {
              "color": "#24272A",
              "fontSize": 12,
              "lineHeight": 17,
              "marginBottom": 20,
            }
          }
        >
          Other options: Doesnâ€™t have to be paper!
        </Text>
        <Text
          style={
            {
              "color": "#24272A",
              "fontSize": 12,
              "lineHeight": 17,
            }
          }
        >
          Tips:
        </Text>
        <Text
          style={
            {
              "color": "#24272A",
              "fontSize": 12,
              "lineHeight": 17,
            }
          }
        >
          â€¢ 
          Store in bank vault
        </Text>
        <Text
          style={
            {
              "color": "#24272A",
              "fontSize": 12,
              "lineHeight": 17,
            }
          }
        >
          â€¢ 
          Store in a safe
        </Text>
        <Text
          style={
            {
              "color": "#24272A",
              "fontSize": 12,
              "lineHeight": 17,
              "marginBottom": 20,
            }
          }
        >
          â€¢ 
          Store in multiple secret places
        </Text>
        <StyledButton
          disabledContainerStyle={
            {
              "opacity": 0.6,
            }
          }
          onPress={[Function]}
          styleDisabled={
            {
              "opacity": 0.6,
            }
          }
          testID="submit-button"
          type="confirm"
        >
          Start
        </StyledButton>
      </View>
    </View>
  </ScrollView>
  <ActionModal
    actionContainerStyle={
      {
        "borderTopWidth": 0,
      }
    }
    cancelButtonDisabled={false}
    cancelButtonMode="neutral"
    cancelTestID=""
    cancelText="Cancel"
    confirmButtonMode="warning"
    confirmDisabled={false}
    confirmTestID=""
    confirmText="Confirm"
    displayCancelButton={false}
    displayConfirmButton={false}
    modalVisible={false}
    onRequestClose={[Function]}
  >
    <View
      style={
        {
          "flex": 1,
          "flexDirection": "column",
          "padding": 27,
        }
      }
    >
      <View
        style={
          {
            "alignItems": "center",
            "flexDirection": "row",
            "justifyContent": "center",
            "marginBottom": 16,
          }
        }
      >
        <View
          style={
            {
              "width": 26,
            }
          }
        />
        <Text
          style={
            {
              "color": "#24272A",
              "flex": 1,
              "fontFamily": "EuclidCircularB-Bold",
              "fontSize": 18,
              "fontWeight": "600",
              "textAlign": "center",
            }
          }
        >
          Protect your wallet
        </Text>
        <TouchableOpacity
          hitSlop={
            {
              "bottom": 10,
              "left": 10,
              "right": 10,
              "top": 10,
            }
          }
          onPress={[Function]}
          style={
            {
              "alignItems": "flex-end",
              "padding": 5,
            }
          }
        >
          <Icon
            allowFontScaling={false}
            name="times"
            size={12}
            style={
              {
                "color": "#24272A",
                "fontSize": 16,
              }
            }
          />
        </TouchableOpacity>
      </View>
      <View
        style={
          {
            "alignItems": "center",
            "flexDirection": "column",
          }
        }
      >
        <Image
          resizeMethod="auto"
          source={
            {
              "default": {
                "uri": "MockImage",
              },
            }
          }
          style={
            {
              "height": 766.8115942028985,
              "marginBottom": 8,
              "marginTop": 14,
              "width": 650,
            }
          }
          testID="carousel-one-image"
        />
        <Text
          style={
            {
              "color": "#24272A",
              "lineHeight": 20,
              "textAlign": "center",
            }
          }
        >
          Donâ€™t risk losing your funds. Protect your wallet by saving your Secret Recovery Phrase in a place you trust.
          <Text
            style={
              {
                "fontFamily": "EuclidCircularB-Bold",
                "fontWeight": "600",
                "lineHeight": 25,
              }
            }
          >
             Itâ€™s the only way to recover your wallet if you get locked out of the app or get a new device.
          </Text>
        </Text>
        <TouchableOpacity
          hitSlop={
            {
              "bottom": 10,
              "left": 10,
              "right": 10,
              "top": 10,
            }
          }
          onPress={[Function]}
        >
          <Text
            style={
              {
                "color": "#0376C9",
                "fontFamily": "EuclidCircularB-Regular",
                "fontSize": 15,
                "fontWeight": "400",
                "lineHeight": 20,
                "marginTop": 21,
                "textAlign": "center",
              }
            }
          >
            Learn More
          </Text>
        </TouchableOpacity>
      </View>
    </View>
  </ActionModal>
  <SeedphraseModal
    hideWhatIsSeedphrase={[Function]}
    showWhatIsSeedphraseModal={false}
  />
</RCTSafeAreaView>
`;
