// Jest Snapshot v1, https://goo.gl/fbAQLP

exports[`CollectibleModal should render correctly 1`] = `
<ContextProvider
  value={
    {
      "store": {
        "clearActions": [Function],
        "dispatch": [Function],
        "getActions": [Function],
        "getState": [Function],
        "replaceReducer": [Function],
        "subscribe": [Function],
      },
      "subscription": Subscription {
        "handleChangeWrapper": [Function],
        "listeners": {
          "notify": [Function],
        },
        "onStateChange": [Function],
        "parentSub": undefined,
        "store": {
          "clearActions": [Function],
          "dispatch": [Function],
          "getActions": [Function],
          "getState": [Function],
          "replaceReducer": [Function],
          "subscribe": [Function],
        },
        "unsubscribe": null,
      },
    }
  }
>
  <Component
    navigation={{}}
    route={
      {
        "params": {
          "collectible": {
            "address": "0x123",
            "name": "Leopard",
            "tokenId": 6904,
          },
          "contractName": "Opensea",
        },
      }
    }
  />
</ContextProvider>
`;
