// Jest Snapshot v1, https://goo.gl/fbAQLP

exports[`ActionView should render correctly 1`] = `
<View
  style={
    {
      "flex": 1,
    }
  }
>
  <KeyboardAwareScrollView
    enableAutomaticScroll={true}
    enableOnAndroid={false}
    enableResetScrollToCoords={true}
    extraHeight={75}
    extraScrollHeight={0}
    keyboardOpeningTime={250}
    keyboardShouldPersistTaps="never"
    resetScrollToCoords={
      {
        "x": 0,
        "y": 0,
      }
    }
    style={
      [
        {
          "flex": 1,
        },
        undefined,
      ]
    }
    viewIsInsideTabBar={false}
  >
    <TouchableWithoutFeedback
      onPress={[Function]}
      style={
        {
          "flex": 1,
        }
      }
    />
    <View
      style={
        {
          "flex": 0,
          "flexDirection": "row",
          "paddingHorizontal": 24,
          "paddingVertical": 16,
        }
      }
    >
      <StyledButton
        containerStyle={
          [
            {
              "flex": 1,
            },
            {
              "marginRight": 8,
            },
          ]
        }
        disabled={false}
        disabledContainerStyle={
          {
            "opacity": 0.6,
          }
        }
        styleDisabled={
          {
            "opacity": 0.6,
          }
        }
        testID=""
        type="cancel"
      >
        Cancel
      </StyledButton>
      <StyledButton
        containerStyle={
          [
            {
              "flex": 1,
            },
            {
              "marginLeft": 8,
            },
          ]
        }
        disabledContainerStyle={
          {
            "opacity": 0.6,
          }
        }
        styleDisabled={
          {
            "opacity": 0.6,
          }
        }
        testID=""
        type="normal"
      >
        Confirm
      </StyledButton>
    </View>
  </KeyboardAwareScrollView>
</View>
`;
