// Jest Snapshot v1, https://goo.gl/fbAQLP

exports[`AssetSearch should render correctly 1`] = `
<ContextProvider
  value={
    {
      "store": {
        "clearActions": [Function],
        "dispatch": [Function],
        "getActions": [Function],
        "getState": [Function],
        "replaceReducer": [Function],
        "subscribe": [Function],
      },
      "subscription": Subscription {
        "handleChangeWrapper": [Function],
        "listeners": {
          "notify": [Function],
        },
        "onStateChange": [Function],
        "parentSub": undefined,
        "store": {
          "clearActions": [Function],
          "dispatch": [Function],
          "getActions": [Function],
          "getState": [Function],
          "replaceReducer": [Function],
          "subscribe": [Function],
        },
        "unsubscribe": null,
      },
    }
  }
>
  <Component
    onBlur={[Function]}
    onFocus={[Function]}
    onSearch={[Function]}
  />
</ContextProvider>
`;
