// Jest Snapshot v1, https://goo.gl/fbAQLP

exports[`AccountOverview should render correctly 1`] = `
<ContextProvider
  value={
    {
      "store": {
        "clearActions": [Function],
        "dispatch": [Function],
        "getActions": [Function],
        "getState": [Function],
        "replaceReducer": [Function],
        "subscribe": [Function],
      },
      "subscription": Subscription {
        "handleChangeWrapper": [Function],
        "listeners": {
          "notify": [Function],
        },
        "onStateChange": [Function],
        "parentSub": undefined,
        "store": {
          "clearActions": [Function],
          "dispatch": [Function],
          "getActions": [Function],
          "getState": [Function],
          "replaceReducer": [Function],
          "subscribe": [Function],
        },
        "unsubscribe": null,
      },
    }
  }
>
  <Component
    account={
      {
        "address": "0xe7E125654064EEa56229f273dA586F10DF96B0a1",
        "balanceFiat": 1604.2,
        "label": "Account 1",
      }
    }
  />
</ContextProvider>
`;
