// Jest Snapshot v1, https://goo.gl/fbAQLP

exports[`App should render correctly when logged in 1`] = `
<ContextProvider
  value={
    {
      "store": {
        "clearActions": [Function],
        "dispatch": [Function],
        "getActions": [Function],
        "getState": [Function],
        "replaceReducer": [Function],
        "subscribe": [Function],
      },
      "subscription": Subscription {
        "handleChangeWrapper": [Function],
        "listeners": {
          "notify": [Function],
        },
        "onStateChange": [Function],
        "parentSub": undefined,
        "store": {
          "clearActions": [Function],
          "dispatch": [Function],
          "getActions": [Function],
          "getState": [Function],
          "replaceReducer": [Function],
          "subscribe": [Function],
        },
        "unsubscribe": null,
      },
    }
  }
>
  <Component />
</ContextProvider>
`;
