// Jest Snapshot v1, https://goo.gl/fbAQLP

exports[`BadgeNetwork - snapshots should render badge network correctly 1`] = `
<BadgeBase
  onLayout={[Function]}
  style={
    {
      "alignItems": "center",
      "aspectRatio": 1,
      "height": "50%",
      "justifyContent": "center",
      "minHeight": 16,
      "opacity": 0,
    }
  }
  testID="badge-network"
>
  <Avatar
    imageSource={
      {
        "uri": "https://assets.coingecko.com/coins/images/279/small/ethereum.png?1595348880",
      }
    }
    name="Ethereum"
    size="32"
    style={
      {
        "transform": [
          {
            "scale": 1,
          },
        ],
      }
    }
    variant="Network"
  />
</BadgeBase>
`;
