// Jest Snapshot v1, https://goo.gl/fbAQLP

exports[`TypedSign should render correctly 1`] = `
<TypedSign
  currentPageInformation={
    {
      "title": "title",
      "url": "url",
    }
  }
  messageParams={
    {
      "data": {
        "name": "Message",
        "type": "string",
        "value": "Hi, Alice!",
      },
      "metamaskId": "TestMessageId",
      "origin": "example.com",
    }
  }
  onConfirm={[MockFunction]}
  onReject={[MockFunction]}
/>
`;
