// Jest Snapshot v1, https://goo.gl/fbAQLP

exports[`CellDisplay - Snapshot should render default settings correctly 1`] = `
<Card
  style={{}}
  testID="cell-display"
  variant="Display"
>
  <CellBase
    avatarProps={
      {
        "accountAddress": "0x2990079bcdEe240329a520d2444386FC119da21a",
        "type": "JazzIcon",
        "variant": "Account",
      }
    }
    title="Orangefox.eth"
  />
</Card>
`;
