// Jest Snapshot v1, https://goo.gl/fbAQLP

exports[`MessageSign should render correctly 1`] = `
<MessageSign
  currentPageInformation={
    {
      "title": "title",
      "url": "url",
    }
  }
  messageParams={
    {
      "data": "message",
      "from": "0x0",
      "metamaskId": "TestMessageId",
      "origin": "example.com",
    }
  }
  navigation={
    {
      "navigate": [MockFunction],
    }
  }
  onConfirm={[MockFunction]}
  onReject={[MockFunction]}
  showExpandedMessage={false}
  toggleExpandedMessage={[MockFunction]}
/>
`;
